// Jest Snapshot v1, https://goo.gl/fbAQLP

exports[`should render Header correctly 1`] = `
<div
  className="box-layout"
>
  <div
    className="box-layout__box"
  >
    <h1
      className="box-layout__title"
    >
       Boilerplate 
    </h1>
    <p
      className="box-layout__caption"
    >
       Tagline for your app 
    </p>
    <button
      className="button"
    >
       Login with Google 
    </button>
  </div>
</div>
`;
